Info: Starting: Create block symbol file (.bsf)
Info: qsys-generate D:\HTN\BCDto7Seg\BCDto7Seg.qsys --block-symbol-file --output-directory=D:\HTN\BCDto7Seg\BCDto7Seg --family="Cyclone IV E" --part=EP4CE115F29C7
Progress: Loading BCDto7Seg/BCDto7Seg.qsys
Progress: Reading input file
Progress: Adding CPU [altera_nios2_gen2 18.1]
Progress: Parameterizing module CPU
Progress: Adding HEX3_0 [altera_up_avalon_parallel_port 18.0]
Progress: Parameterizing module HEX3_0
Progress: Adding LEDG [altera_avalon_pio 18.1]
Progress: Parameterizing module LEDG
Progress: Adding LEDR [altera_avalon_pio 18.1]
Progress: Parameterizing module LEDR
Progress: Adding RAM [altera_avalon_onchip_memory2 18.1]
Progress: Parameterizing module RAM
Progress: Adding SWs [altera_avalon_pio 18.1]
Progress: Parameterizing module SWs
Progress: Adding clk_0 [clock_source 18.1]
Progress: Parameterizing module clk_0
Progress: Building connections
Progress: Parameterizing connections
Progress: Validating
Progress: Done reading input file
Info: BCDto7Seg.HEX3_0: The Parallel Port is now deprecated. The PIO component (Processor and Peripherals/Peripherals/PIO) should be used instead.
Info: BCDto7Seg.SWs: PIO inputs are not hardwired in test bench. Undefined values will be read from PIO inputs during simulation.
Info: qsys-generate succeeded.
Info: Finished: Create block symbol file (.bsf)
Info: 
Info: Starting: Create HDL design files for synthesis
Info: qsys-generate D:\HTN\BCDto7Seg\BCDto7Seg.qsys --synthesis=VERILOG --output-directory=D:\HTN\BCDto7Seg\BCDto7Seg\synthesis --family="Cyclone IV E" --part=EP4CE115F29C7
Progress: Loading BCDto7Seg/BCDto7Seg.qsys
Progress: Reading input file
Progress: Adding CPU [altera_nios2_gen2 18.1]
Progress: Parameterizing module CPU
Progress: Adding HEX3_0 [altera_up_avalon_parallel_port 18.0]
Progress: Parameterizing module HEX3_0
Progress: Adding LEDG [altera_avalon_pio 18.1]
Progress: Parameterizing module LEDG
Progress: Adding LEDR [altera_avalon_pio 18.1]
Progress: Parameterizing module LEDR
Progress: Adding RAM [altera_avalon_onchip_memory2 18.1]
Progress: Parameterizing module RAM
Progress: Adding SWs [altera_avalon_pio 18.1]
Progress: Parameterizing module SWs
Progress: Adding clk_0 [clock_source 18.1]
Progress: Parameterizing module clk_0
Progress: Building connections
Progress: Parameterizing connections
Progress: Validating
Progress: Done reading input file
Info: BCDto7Seg.HEX3_0: The Parallel Port is now deprecated. The PIO component (Processor and Peripherals/Peripherals/PIO) should be used instead.
Info: BCDto7Seg.SWs: PIO inputs are not hardwired in test bench. Undefined values will be read from PIO inputs during simulation.
Info: BCDto7Seg: Generating BCDto7Seg "BCDto7Seg" for QUARTUS_SYNTH
Info: CPU: "BCDto7Seg" instantiated altera_nios2_gen2 "CPU"
Info: HEX3_0: Starting Generation of Parallel Port
Info: HEX3_0: "BCDto7Seg" instantiated altera_up_avalon_parallel_port "HEX3_0"
Info: LEDG: Starting RTL generation for module 'BCDto7Seg_LEDG'
Info: LEDG:   Generation command is [exec C:/intelfpga_lite/18.1/quartus/bin64/perl/bin/perl.exe -I C:/intelfpga_lite/18.1/quartus/bin64/perl/lib -I C:/intelfpga_lite/18.1/quartus/sopc_builder/bin/europa -I C:/intelfpga_lite/18.1/quartus/sopc_builder/bin/perl_lib -I C:/intelfpga_lite/18.1/quartus/sopc_builder/bin -I C:/intelfpga_lite/18.1/quartus/../ip/altera/sopc_builder_ip/common -I C:/intelfpga_lite/18.1/quartus/../ip/altera/sopc_builder_ip/altera_avalon_pio -- C:/intelfpga_lite/18.1/quartus/../ip/altera/sopc_builder_ip/altera_avalon_pio/generate_rtl.pl --name=BCDto7Seg_LEDG {--dir=C:/Users/LENOVO GAMING 3/AppData/Local/Temp/alt0529_8150043401743605551.dir/0003_LEDG_gen/} --quartus_dir=C:/intelfpga_lite/18.1/quartus --verilog {--config=C:/Users/LENOVO GAMING 3/AppData/Local/Temp/alt0529_8150043401743605551.dir/0003_LEDG_gen//BCDto7Seg_LEDG_component_configuration.pl}  --do_build_sim=0  ]
Info: LEDG: Done RTL generation for module 'BCDto7Seg_LEDG'
Info: LEDG: "BCDto7Seg" instantiated altera_avalon_pio "LEDG"
Info: RAM: Starting RTL generation for module 'BCDto7Seg_RAM'
Info: RAM:   Generation command is [exec C:/intelfpga_lite/18.1/quartus/bin64/perl/bin/perl.exe -I C:/intelfpga_lite/18.1/quartus/bin64/perl/lib -I C:/intelfpga_lite/18.1/quartus/sopc_builder/bin/europa -I C:/intelfpga_lite/18.1/quartus/sopc_builder/bin/perl_lib -I C:/intelfpga_lite/18.1/quartus/sopc_builder/bin -I C:/intelfpga_lite/18.1/quartus/../ip/altera/sopc_builder_ip/common -I C:/intelfpga_lite/18.1/quartus/../ip/altera/sopc_builder_ip/altera_avalon_onchip_memory2 -- C:/intelfpga_lite/18.1/quartus/../ip/altera/sopc_builder_ip/altera_avalon_onchip_memory2/generate_rtl.pl --name=BCDto7Seg_RAM {--dir=C:/Users/LENOVO GAMING 3/AppData/Local/Temp/alt0529_8150043401743605551.dir/0004_RAM_gen/} --quartus_dir=C:/intelfpga_lite/18.1/quartus --verilog {--config=C:/Users/LENOVO GAMING 3/AppData/Local/Temp/alt0529_8150043401743605551.dir/0004_RAM_gen//BCDto7Seg_RAM_component_configuration.pl}  --do_build_sim=0  ]
Info: RAM: Done RTL generation for module 'BCDto7Seg_RAM'
Info: RAM: "BCDto7Seg" instantiated altera_avalon_onchip_memory2 "RAM"
Info: SWs: Starting RTL generation for module 'BCDto7Seg_SWs'
Info: SWs:   Generation command is [exec C:/intelfpga_lite/18.1/quartus/bin64/perl/bin/perl.exe -I C:/intelfpga_lite/18.1/quartus/bin64/perl/lib -I C:/intelfpga_lite/18.1/quartus/sopc_builder/bin/europa -I C:/intelfpga_lite/18.1/quartus/sopc_builder/bin/perl_lib -I C:/intelfpga_lite/18.1/quartus/sopc_builder/bin -I C:/intelfpga_lite/18.1/quartus/../ip/altera/sopc_builder_ip/common -I C:/intelfpga_lite/18.1/quartus/../ip/altera/sopc_builder_ip/altera_avalon_pio -- C:/intelfpga_lite/18.1/quartus/../ip/altera/sopc_builder_ip/altera_avalon_pio/generate_rtl.pl --name=BCDto7Seg_SWs {--dir=C:/Users/LENOVO GAMING 3/AppData/Local/Temp/alt0529_8150043401743605551.dir/0005_SWs_gen/} --quartus_dir=C:/intelfpga_lite/18.1/quartus --verilog {--config=C:/Users/LENOVO GAMING 3/AppData/Local/Temp/alt0529_8150043401743605551.dir/0005_SWs_gen//BCDto7Seg_SWs_component_configuration.pl}  --do_build_sim=0  ]
Info: SWs: Done RTL generation for module 'BCDto7Seg_SWs'
Info: SWs: "BCDto7Seg" instantiated altera_avalon_pio "SWs"
Info: avalon_st_adapter: Inserting error_adapter: error_adapter_0
Info: avalon_st_adapter_001: Inserting error_adapter: error_adapter_0
Info: avalon_st_adapter_002: Inserting error_adapter: error_adapter_0
Info: avalon_st_adapter_003: Inserting error_adapter: error_adapter_0
Info: avalon_st_adapter_004: Inserting error_adapter: error_adapter_0
Info: avalon_st_adapter_005: Inserting error_adapter: error_adapter_0
Info: mm_interconnect_0: "BCDto7Seg" instantiated altera_mm_interconnect "mm_interconnect_0"
Info: irq_mapper: "BCDto7Seg" instantiated altera_irq_mapper "irq_mapper"
Info: rst_controller: "BCDto7Seg" instantiated altera_reset_controller "rst_controller"
Info: cpu: Starting RTL generation for module 'BCDto7Seg_CPU_cpu'
Info: cpu:   Generation command is [exec C:/intelFPGA_lite/18.1/quartus/bin64//eperlcmd.exe -I C:/intelFPGA_lite/18.1/quartus/bin64//perl/lib -I C:/intelfpga_lite/18.1/quartus/sopc_builder/bin/europa -I C:/intelfpga_lite/18.1/quartus/sopc_builder/bin/perl_lib -I C:/intelfpga_lite/18.1/quartus/sopc_builder/bin -I C:/intelfpga_lite/18.1/quartus/../ip/altera/nios2_ip/altera_nios2_gen2/cpu_lib -I C:/intelfpga_lite/18.1/quartus/../ip/altera/nios2_ip/altera_nios2_gen2/nios_lib -I C:/intelfpga_lite/18.1/quartus/../ip/altera/nios2_ip/altera_nios2_gen2 -I C:/intelfpga_lite/18.1/quartus/../ip/altera/nios2_ip/altera_nios2_gen2 -- C:/intelfpga_lite/18.1/quartus/../ip/altera/nios2_ip/altera_nios2_gen2/generate_rtl.epl --name=BCDto7Seg_CPU_cpu {--dir=C:/Users/LENOVO GAMING 3/AppData/Local/Temp/alt0529_8150043401743605551.dir/0008_cpu_gen/} --quartus_bindir=C:/intelFPGA_lite/18.1/quartus/bin64/ --verilog {--config=C:/Users/LENOVO GAMING 3/AppData/Local/Temp/alt0529_8150043401743605551.dir/0008_cpu_gen//BCDto7Seg_CPU_cpu_processor_configuration.pl}  --do_build_sim=0  ]
Info: cpu: # 2026.03.17 19:45:44 (*) Starting Nios II generation
Info: cpu: # 2026.03.17 19:45:44 (*)   Checking for plaintext license.
Info: cpu: # 2026.03.17 19:45:45 (*)   Couldn't query license setup in Quartus directory C:/intelFPGA_lite/18.1/quartus/bin64/
Info: cpu: # 2026.03.17 19:45:45 (*)   Defaulting to contents of LM_LICENSE_FILE environment variable
Info: cpu: # 2026.03.17 19:45:45 (*)   LM_LICENSE_FILE environment variable is empty
Info: cpu: # 2026.03.17 19:45:45 (*)   Plaintext license not found.
Info: cpu: # 2026.03.17 19:45:45 (*)   No license required to generate encrypted Nios II/e.
Info: cpu: # 2026.03.17 19:45:45 (*)   Elaborating CPU configuration settings
Info: cpu: # 2026.03.17 19:45:45 (*)   Creating all objects for CPU
Info: cpu: # 2026.03.17 19:45:47 (*)   Generating RTL from CPU objects
Info: cpu: # 2026.03.17 19:45:47 (*)   Creating plain-text RTL
Info: cpu: # 2026.03.17 19:45:48 (*) Done Nios II generation
Info: cpu: Done RTL generation for module 'BCDto7Seg_CPU_cpu'
Info: cpu: "CPU" instantiated altera_nios2_gen2_unit "cpu"
Info: CPU_data_master_translator: "mm_interconnect_0" instantiated altera_merlin_master_translator "CPU_data_master_translator"
Info: HEX3_0_avalon_parallel_port_slave_translator: "mm_interconnect_0" instantiated altera_merlin_slave_translator "HEX3_0_avalon_parallel_port_slave_translator"
Info: CPU_data_master_agent: "mm_interconnect_0" instantiated altera_merlin_master_agent "CPU_data_master_agent"
Info: HEX3_0_avalon_parallel_port_slave_agent: "mm_interconnect_0" instantiated altera_merlin_slave_agent "HEX3_0_avalon_parallel_port_slave_agent"
Info: HEX3_0_avalon_parallel_port_slave_agent_rsp_fifo: "mm_interconnect_0" instantiated altera_avalon_sc_fifo "HEX3_0_avalon_parallel_port_slave_agent_rsp_fifo"
Info: router: "mm_interconnect_0" instantiated altera_merlin_router "router"
Info: router_001: "mm_interconnect_0" instantiated altera_merlin_router "router_001"
Info: router_002: "mm_interconnect_0" instantiated altera_merlin_router "router_002"
Info: router_003: "mm_interconnect_0" instantiated altera_merlin_router "router_003"
Info: cmd_demux: "mm_interconnect_0" instantiated altera_merlin_demultiplexer "cmd_demux"
Info: cmd_demux_001: "mm_interconnect_0" instantiated altera_merlin_demultiplexer "cmd_demux_001"
Info: cmd_mux: "mm_interconnect_0" instantiated altera_merlin_multiplexer "cmd_mux"
Info: cmd_mux_001: "mm_interconnect_0" instantiated altera_merlin_multiplexer "cmd_mux_001"
Info: Reusing file D:/HTN/BCDto7Seg/BCDto7Seg/synthesis/submodules/altera_merlin_arbitrator.sv
Info: rsp_demux: "mm_interconnect_0" instantiated altera_merlin_demultiplexer "rsp_demux"
Info: rsp_mux: "mm_interconnect_0" instantiated altera_merlin_multiplexer "rsp_mux"
Info: Reusing file D:/HTN/BCDto7Seg/BCDto7Seg/synthesis/submodules/altera_merlin_arbitrator.sv
Info: rsp_mux_001: "mm_interconnect_0" instantiated altera_merlin_multiplexer "rsp_mux_001"
Info: Reusing file D:/HTN/BCDto7Seg/BCDto7Seg/synthesis/submodules/altera_merlin_arbitrator.sv
Info: avalon_st_adapter: "mm_interconnect_0" instantiated altera_avalon_st_adapter "avalon_st_adapter"
Info: error_adapter_0: "avalon_st_adapter" instantiated error_adapter "error_adapter_0"
Info: BCDto7Seg: Done "BCDto7Seg" with 28 modules, 41 files
Info: qsys-generate succeeded.
Info: Finished: Create HDL design files for synthesis
